Microsoft Windows [Version 10.0.22000.376]
(c) Microsoft Corporation. All rights reserved.

C:\Users\omkt3>cd github_try1

C:\Users\omkt3\github_try1>git commit -m "add new file"
Author identity unknown

*** Please tell me who you are.

Run

  git config --global user.email "you@example.com"
  git config --global user.name "Your Name"

to set your account's default identity.
Omit --global to set the identity only in this repository.

fatal: unable to auto-detect email address (got 'omkt3@DESKTOP-LPAUDUI.(none)')

C:\Users\omkt3\github_try1>git config --global user.email "ksgrat678@gmail.com"

C:\Users\omkt3\github_try1>git config --global user.name "toki3388"

C:\Users\omkt3\github_try1>git commit -m "add new file"
[master (root-commit) a8cbdaf] add new file
 3 files changed, 138 insertions(+)
 create mode 100644 ToDoList1.css
 create mode 100644 ToDoList1.html
 create mode 100644 ToDoList1.js

C:\Users\omkt3\github_try1>git remote add origin https://github.com/toki3388/try_ToDoList.git
error: remote origin already exists.

C:\Users\omkt3\github_try1>git push origin master
info: please complete authentication in your browser...
Enumerating objects: 5, done.
Counting objects: 100% (5/5), done.
Delta compression using up to 6 threads
Compressing objects: 100% (5/5), done.
Writing objects: 100% (5/5), 1.77 KiB | 1.77 MiB/s, done.
Total 5 (delta 0), reused 0 (delta 0), pack-reused 0
remote:
remote: Create a pull request for 'master' on GitHub by visiting:
remote:      https://github.com/toki3388/try_ToDoList/pull/new/master
remote:
To https://github.com/toki3388/try_ToDoList.git
 * [new branch]      master -> master